// Jest Snapshot v1, https://goo.gl/fbAQLP

exports[`Pruebas en FirstApp.jsx debe de hacer match con el snapshot 1`] = `
<div>
  <div
    data-testid="test-title"
  >
    Hola soy Goku
  </div>
  <p>
    No hay subtitulo
  </p>
  <p>
    No hay subtitulo
  </p>
  <p>
    Santiago Pulido
  </p>
</div>
`;
